Khoi dong GServer (game: 19180, HTTP API: 8082)...

Luu y: dong 'Application started' la cua ASP.NET (cong 8082).
Cong game 19180 bind SAU do vai tram ms - doi thay no LISTENING
roi hay chay smoke test, dung tin vao dong log kia.

[DB] OK  GameConnectString -> gopettae_tae2@127.0.0.1
[DB] OK  WebConnectString -> gopettae_gopet_web@127.0.0.1
[DB] OK  LogConnectString -> gp_log@127.0.0.1
[Máy chủ 9/14/2026 12:26:02 AM] Trình dọn rác: True
D:\game\SRCGOPETGOC\GServer\log\log_14_9_2026.txt
[Máy chủ 9/14/2026 12:26:02 AM] Tải dữ liệu thú cưng từ cơ sở dữ liệu OK
[Máy chủ 9/14/2026 12:26:02 AM] Tải dữ liệu vật phẩm từ cơ sở dữ liệu OK
[Máy chủ 9/14/2026 12:26:02 AM] Tải dữ liệu quái từ cơ sở dữ liệu OK
[Máy chủ 9/14/2026 12:26:02 AM] Tải dữ liệu cường hóa cánh từ cơ sở dữ liệu OK
[Máy chủ 9/14/2026 12:26:02 AM] Tải dữ liệu cửa hàng từ cơ sở dữ liệu OK
[Máy chủ 9/14/2026 12:26:02 AM] Tải dữ liệu boss từ cơ sở dữ liệu OK
[Máy chủ 9/14/2026 12:26:02 AM] Tải dữ liệu map từ cơ sở dữ liệu OK
[Máy chủ 9/14/2026 12:26:02 AM] Tải dữ liệu trao đổi thưởng từ cơ sở dữ liệu OK
[Máy chủ 9/14/2026 12:26:02 AM] Tải dữ liệu shop đấu trường từ cơ sở dữ liệu OK
[Máy chủ 9/14/2026 12:26:02 AM] Tải dữ liệu exps từ cơ sở dữ liệu OK
[Máy chủ 9/14/2026 12:26:02 AM] Tải dữ liệu các dòng từ cơ sở dữ liệu OK
[Máy chủ 9/14/2026 12:26:02 AM] Tải dữ liệu kỹ năng pet từ cơ sở dữ liệu OK
[Máy chủ 9/14/2026 12:26:02 AM] Tải dữ liệu danh hiệu từ cơ sở dữ liệu OK
[Máy chủ 9/14/2026 12:26:02 AM] Tải dữ liệu trùng sinh thú cưng từ cơ sở dữ liệu OK
[Máy chủ 9/14/2026 12:26:02 AM] Tải dữ liệu hiệu ứng thú cưng từ cơ sở dữ liệu OK
[Máy chủ 9/14/2026 12:26:02 AM] Thời gian bảo trì định kỳ: 9/14/2026 5:00:00 AM
[Máy chủ 9/14/2026 12:26:02 AM] HTTP API chạy KHÔNG xác thực (apiKey rỗng). Chỉ chấp nhận được vì đang bind loopback. Đặt apiKey trong config/server.json trước khi mở ra ngoài.
info: Microsoft.Hosting.Lifetime[14]
      Now listening on: http://127.0.0.1:8082
info: Microsoft.Hosting.Lifetime[0]
      Application started. Press Ctrl+C to shut down.
info: Microsoft.Hosting.Lifetime[0]
      Hosting environment: Production
info: Microsoft.Hosting.Lifetime[0]
      Content root path: D:\game\SRCGOPETGOC\GServer
[Máy chủ 9/14/2026 12:26:02 AM] Cổng game nghe ở 127.0.0.1:19180 (chỉ cục bộ)
[Máy chủ 9/14/2026 12:26:02 AM] Không có đầu vào bàn phím (stdin đã đóng). Ngừng đọc lệnh; máy chủ vẫn chạy bình thường.
[Máy chủ 9/14/2026 12:27:17 AM] Ghi log gói tin: D:\game\SRCGOPETGOC\GServer\bin\Debug\net8.0\log\packet-dump-server.log
PLAYER:  -36
PLAYER:  64
PLAYER:  1
PLAYER:  81
[Máy chủ 9/14/2026 12:27:40 AM]  MESSAGE SERVICE: 91
[Máy chủ 9/14/2026 12:27:40 AM] Bang hội MSG: 14
PLAYER:  81
[Máy chủ 9/14/2026 12:27:40 AM]  MESSAGE SERVICE: 54
PLAYER:  81
[Máy chủ 9/14/2026 12:27:57 AM]  MESSAGE SERVICE: 103
[Máy chủ 9/14/2026 12:27:57 AM] onClientSpeedRespose
PLAYER:  81
[Máy chủ 9/14/2026 12:28:09 AM]  MESSAGE SERVICE: 2
PLAYER:  96
[Máy chủ 9/14/2026 12:28:09 AM] CLIENT REQUEST IMAGE: items/10001.png
[Máy chủ 9/14/2026 12:28:09 AM] Load ASSETS: items/10001.png
PLAYER:  96
[Máy chủ 9/14/2026 12:28:09 AM] CLIENT REQUEST IMAGE: items/10002.png
[Máy chủ 9/14/2026 12:28:09 AM] Load ASSETS: items/10002.png
PLAYER:  96
[Máy chủ 9/14/2026 12:28:09 AM] CLIENT REQUEST IMAGE: items/12001.png
[Máy chủ 9/14/2026 12:28:09 AM] Load ASSETS: items/12001.png
PLAYER:  81
[Máy chủ 9/14/2026 12:28:13 AM]  MESSAGE SERVICE: 2
PLAYER:  96
[Máy chủ 9/14/2026 12:28:13 AM] CLIENT REQUEST IMAGE: items/20001.png
[Máy chủ 9/14/2026 12:28:13 AM] Load ASSETS: items/20001.png
PLAYER:  96
[Máy chủ 9/14/2026 12:28:13 AM] CLIENT REQUEST IMAGE: items/20002.png
[Máy chủ 9/14/2026 12:28:13 AM] Load ASSETS: items/20002.png
PLAYER:  96
[Máy chủ 9/14/2026 12:28:13 AM] CLIENT REQUEST IMAGE: items/22001.png
[Máy chủ 9/14/2026 12:28:13 AM] Load ASSETS: items/22001.png
PLAYER:  81
[Máy chủ 9/14/2026 12:28:14 AM]  MESSAGE SERVICE: 103
[Máy chủ 9/14/2026 12:28:14 AM] onClientSpeedRespose
PLAYER:  81
[Máy chủ 9/14/2026 12:28:16 AM]  MESSAGE SERVICE: 2
PLAYER:  96
[Máy chủ 9/14/2026 12:28:16 AM] CLIENT REQUEST IMAGE: items/30001.png
[Máy chủ 9/14/2026 12:28:16 AM] Load ASSETS: items/30001.png
PLAYER:  96
[Máy chủ 9/14/2026 12:28:16 AM] CLIENT REQUEST IMAGE: items/30002.png
[Máy chủ 9/14/2026 12:28:16 AM] Load ASSETS: items/30002.png
PLAYER:  96
[Máy chủ 9/14/2026 12:28:16 AM] CLIENT REQUEST IMAGE: items/32001.png
[Máy chủ 9/14/2026 12:28:16 AM] Load ASSETS: items/32001.png
PLAYER:  81
[Máy chủ 9/14/2026 12:28:19 AM]  MESSAGE SERVICE: 2
PLAYER:  96
[Máy chủ 9/14/2026 12:28:19 AM] CLIENT REQUEST IMAGE: items/100001.png
[Máy chủ 9/14/2026 12:28:19 AM] Load ASSETS: items/100001.png
PLAYER:  96
[Máy chủ 9/14/2026 12:28:19 AM] CLIENT REQUEST IMAGE: items/100002.png
[Máy chủ 9/14/2026 12:28:19 AM] Load ASSETS: items/100002.png
PLAYER:  96
[Máy chủ 9/14/2026 12:28:19 AM] CLIENT REQUEST IMAGE: items/40001.png
[Máy chủ 9/14/2026 12:28:19 AM] Load ASSETS: items/40001.png
PLAYER:  81
[Máy chủ 9/14/2026 12:28:23 AM]  MESSAGE SERVICE: 2
PLAYER:  81
[Máy chủ 9/14/2026 12:28:23 AM]  MESSAGE SERVICE: 2
PLAYER:  81
[Máy chủ 9/14/2026 12:28:23 AM]  MESSAGE SERVICE: 2
PLAYER:  81
[Máy chủ 9/14/2026 12:28:37 AM]  MESSAGE SERVICE: 103
[Máy chủ 9/14/2026 12:28:37 AM] onClientSpeedRespose
PLAYER:  44
PLAYER:  122
PLAYER:  122
PLAYER:  44
PLAYER:  44
PLAYER:  122
PLAYER:  81
[Máy chủ 9/14/2026 12:28:53 AM]  MESSAGE SERVICE: 103
[Máy chủ 9/14/2026 12:28:53 AM] onClientSpeedRespose
PLAYER:  -36
PLAYER:  64
PLAYER:  1
PLAYER:  81
[Máy chủ 9/14/2026 12:31:25 AM]  MESSAGE SERVICE: 9
[Máy chủ 9/14/2026 12:31:25 AM] CLIENT REQUEST IMAGE: 1 anim_wings/15.png
[Máy chủ 9/14/2026 12:31:25 AM] Load ASSETS: anim_wings/15.png
PLAYER:  81
[Máy chủ 9/14/2026 12:31:25 AM]  MESSAGE SERVICE: 9
[Máy chủ 9/14/2026 12:31:25 AM] CLIENT REQUEST IMAGE: 2 anim_characters/1.png
[Máy chủ 9/14/2026 12:31:25 AM] Load ASSETS: anim_characters/1.png
PLAYER:  27
PLAYER:  27
PLAYER:  81
[Máy chủ 9/14/2026 12:31:32 AM]  MESSAGE SERVICE: 2
PLAYER:  96
[Máy chủ 9/14/2026 12:31:32 AM] CLIENT REQUEST IMAGE: items/100001.png
[Máy chủ 9/14/2026 12:31:32 AM] Load ASSETS: items/100001.png
PLAYER:  96
[Máy chủ 9/14/2026 12:31:32 AM] CLIENT REQUEST IMAGE: items/100002.png
[Máy chủ 9/14/2026 12:31:32 AM] Load ASSETS: items/100002.png
PLAYER:  96
[Máy chủ 9/14/2026 12:31:32 AM] CLIENT REQUEST IMAGE: items/40001.png
[Máy chủ 9/14/2026 12:31:32 AM] Load ASSETS: items/40001.png
PLAYER:  81
[Máy chủ 9/14/2026 12:31:49 AM]  MESSAGE SERVICE: 103
[Máy chủ 9/14/2026 12:31:49 AM] onClientSpeedRespose
PLAYER:  81
[Máy chủ 9/14/2026 12:32:10 AM]  MESSAGE SERVICE: 103
[Máy chủ 9/14/2026 12:32:10 AM] onClientSpeedRespose
PLAYER:  -36
PLAYER:  64
PLAYER:  81
[Máy chủ 9/14/2026 12:32:31 AM]  MESSAGE SERVICE: 103
[Máy chủ 9/14/2026 12:32:31 AM] onClientSpeedRespose
PLAYER:  1
PLAYER:  -36
PLAYER:  1
PLAYER:  81
[Máy chủ 9/14/2026 12:32:58 AM]  MESSAGE SERVICE: 91
[Máy chủ 9/14/2026 12:32:58 AM] Bang hội MSG: 14
PLAYER:  81
[Máy chủ 9/14/2026 12:32:58 AM]  MESSAGE SERVICE: 54
PLAYER:  27
PLAYER:  81
[Máy chủ 9/14/2026 12:33:03 AM]  MESSAGE SERVICE: 2
PLAYER:  27
PLAYER:  81
[Máy chủ 9/14/2026 12:33:06 AM]  MESSAGE SERVICE: 2
PLAYER:  81
[Máy chủ 9/14/2026 12:33:07 AM]  MESSAGE SERVICE: 2
PLAYER:  81
[Máy chủ 9/14/2026 12:33:07 AM]  MESSAGE SERVICE: 2
PLAYER:  81
[Máy chủ 9/14/2026 12:33:08 AM]  MESSAGE SERVICE: 2
PLAYER:  81
[Máy chủ 9/14/2026 12:33:08 AM]  MESSAGE SERVICE: 2
PLAYER:  81
[Máy chủ 9/14/2026 12:33:09 AM]  MESSAGE SERVICE: 2
PLAYER:  81
[Máy chủ 9/14/2026 12:33:10 AM]  MESSAGE SERVICE: 2
PLAYER:  81
[Máy chủ 9/14/2026 12:33:10 AM]  MESSAGE SERVICE: 2
PLAYER:  81
[Máy chủ 9/14/2026 12:33:11 AM]  MESSAGE SERVICE: 2
PLAYER:  81
[Máy chủ 9/14/2026 12:33:11 AM]  MESSAGE SERVICE: 2
PLAYER:  81
[Máy chủ 9/14/2026 12:33:12 AM]  MESSAGE SERVICE: 2
PLAYER:  81
[Máy chủ 9/14/2026 12:33:13 AM]  MESSAGE SERVICE: 2
PLAYER:  81
[Máy chủ 9/14/2026 12:33:14 AM]  MESSAGE SERVICE: 2
PLAYER:  81
[Máy chủ 9/14/2026 12:33:17 AM]  MESSAGE SERVICE: 2
PLAYER:  81
[Máy chủ 9/14/2026 12:33:17 AM]  MESSAGE SERVICE: 2
PLAYER:  -36
PLAYER:  64
PLAYER:  1
PLAYER:  -36
PLAYER:  1
PLAYER:  81
[Máy chủ 9/14/2026 12:33:38 AM]  MESSAGE SERVICE: 91
[Máy chủ 9/14/2026 12:33:38 AM] Bang hội MSG: 14
PLAYER:  81
[Máy chủ 9/14/2026 12:33:38 AM]  MESSAGE SERVICE: 54
PLAYER:  44
PLAYER:  122
